
$ [ -f packages/illa-design/package.json ] || (rm -rf packages/illa-design && git clone -q --depth 1 https://github.com/illacloud/illa-design.git packages/illa-design)

$ [ -f packages/illa-public-component/package.json ] || [ -d packages/illa-public-component/AuthShown ] || (rm -rf packages/illa-public-component && git clone -q --depth 1 --branch beta https://github.com/illacloud/illa-public-component.git packages/illa-public-component)

$ HUSKY=0 npx -y pnpm@8 install --no-frozen-lockfile
packages/illa-design                     |  WARN  The field "resolutions" was found in /home/user/ATTa/apps/010-illa-builder-beta/src/packages/illa-design/package.json. This will not take effect. You should configure "resolutions" at the root of the workspace instead.
Scope: all 102 workspace projects
Lockfile is up to date, resolution step is skipped
Already up to date

packages/illa-design prepare$ husky install
packages/illa-design prepare: husky - HUSKY env variable is set to 0, skipping install
packages/illa-design prepare: Done
. prepare$ husky install
. prepare: husky - HUSKY env variable is set to 0, skipping install
. prepare: Done
Done in 1.8s

$ cd apps/builder && NODE_OPTIONS=--max-old-space-size=8192 npx vite build --mode self
[36mvite v4.5.0 [32mbuilding for self...[36m[39m
transforming...
[32m✓[39m 10830 modules transformed.
rendering chunks...
[2mdist/[22m[2massets/[22m[32mpoint-a3e0f2bd.svg                                  [39m[1m[2m     0.14 kB[22m[1m[22m
[2mdist/[22m[2massets/[22m[32mempty-2820759a.svg                                  [39m[1m[2m     0.15 kB[22m[1m[22m
[2mdist/[22m[2massets/[22m[32mfunction-70d94a1b.svg                               [39m[1m[2m     0.25 kB[22m[1m[22m
[2mdist/[22m[2massets/[22m[32mtype-b5d06c2f.svg                                   [39m[1m[2m     0.26 kB[22m[1m[22m
[2mdist/[22m[2massets/[22m[32marray-39339b58.svg                                  [39m[1m[2m     0.30 kB[22m[1m[22m
[2mdist/[22m[2massets/[22m[32minput-highlight-afaf80a6.svg                        [39m[1m[2m     0.32 kB[22m[1m[22m
[2mdist/[22m[2massets/[22m[32mnumber-a0d2d6bc.svg                                 [39m[1m[2m     0.32 kB[22m[1m[22m
[2mdist/[22m[2massets/[22m[32mundefine-27337fe9.svg                               [39m[1m[2m     0.43 kB[22m[1m[22m
[2mdist/[22m[2massets/[22m[32malpha-8b04a4ea.svg                                  [39m[1m[2m     0.54 kB[22m[1m[22m
[2mdist/[22m[2massets/[22m[32mdisabled-google-21ba4618.svg                        [39m[1m[2m     0.56 kB[22m[1m[22m
[2mdist/[22m[2massets/[22m[32mtable-84989113.svg                                  [39m[1m[2m     0.75 kB[22m[1m[22m
[2mdist/[22m[2massets/[22m[32mboolean-fbc45d33.svg                                [39m[1m[2m     0.87 kB[22m[1m[22m
[2mdist/[22m[2massets/[22m[32mnull-35156953.svg                                   [39m[1m[2m     0.91 kB[22m[1m[22m
[2mdist/[22m[2massets/[22m[32mtable-highlight-29b05f8b.svg                        [39m[1m[2m     0.91 kB[22m[1m[22m
[2mdist/[22m[2massets/[22m[32mobject-9716bd48.svg                                 [39m[1m[2m     0.98 kB[22m[1m[22m
[2mdist/[22m[2massets/[22m[32mstring-711a593f.svg                                 [39m[1m[2m     1.26 kB[22m[1m[22m
[2mdist/[22m[2massets/[22m[32mgoogle-logo-8cd81e80.svg                            [39m[1m[2m     1.45 kB[22m[1m[22m
[2mdist/[22m[2massets/[22m[32mslick-12459f22.svg                                  [39m[1m[2m     2.15 kB[22m[1m[22m
[2mdist/[22m[32mindex.html                                                 [39m[1m[2m     3.60 kB[22m[1m[22m
[2mdist/[22m[2massets/[22m[32mkeyword-14b8eacf.svg                                [39m[1m[2m     3.79 kB[22m[1m[22m
[2mdist/[22m[2massets/[22m[32majax-loader-e7b44c86.gif                            [39m[1m[2m     4.18 kB[22m[1m[22m
[2mdist/[22m[2massets/[22m[32mbutton-highlight-20e23f76.svg                       [39m[1m[2m     5.08 kB[22m[1m[22m
[2mdist/[22m[2massets/[22m[32mInter-Regular-d612f121.woff2                        [39m[1m[2m    98.87 kB[22m[1m[22m
[2mdist/[22m[2massets/[22m[32mInter-Thin-77d96c1c.woff2                           [39m[1m[2m    99.63 kB[22m[1m[22m
[2mdist/[22m[2massets/[22m[32mFiraCode-Medium-0e04bafb.woff2                      [39m[1m[2m   102.38 kB[22m[1m[22m
[2mdist/[22m[2massets/[22m[32mInter-Black-fc10113c.woff2                          [39m[1m[2m   102.87 kB[22m[1m[22m
[2mdist/[22m[2massets/[22m[32mFiraCode-Light-e3aa3db0.woff2                       [39m[1m[2m   102.92 kB[22m[1m[22m
[2mdist/[22m[2massets/[22m[32mFiraCode-Regular-a6ce5952.woff2                     [39m[1m[2m   103.24 kB[22m[1m[22m
[2mdist/[22m[2massets/[22m[32mInter-ExtraLight-b6cd094a.woff2                     [39m[1m[2m   104.23 kB[22m[1m[22m
[2mdist/[22m[2massets/[22m[32mInter-Light-36b86832.woff2                          [39m[1m[2m   104.33 kB[22m[1m[22m
[2mdist/[22m[2massets/[22m[32mInter-SemiBold-15226129.woff2                       [39m[1m[2m   105.80 kB[22m[1m[22m
[2mdist/[22m[2massets/[22m[32mInter-Medium-1b498b95.woff2                         [39m[1m[2m   105.92 kB[22m[1m[22m
[2mdist/[22m[2massets/[22m[32mInter-ExtraBold-307d9809.woff2                      [39m[1m[2m   106.11 kB[22m[1m[22m
[2mdist/[22m[2massets/[22m[32mInter-Bold-c63158ba.woff2                           [39m[1m[2m   106.14 kB[22m[1m[22m
[2mdist/[22m[2massets/[22m[32mInter-ThinItalic-d82beee8.woff2                     [39m[1m[2m   106.50 kB[22m[1m[22m
[2mdist/[22m[2massets/[22m[32mInter-Italic-900058df.woff2                         [39m[1m[2m   106.88 kB[22m[1m[22m
[2mdist/[22m[2massets/[22m[32mFiraCode-SemiBold-d16779aa.woff2                    [39m[1m[2m   106.99 kB[22m[1m[22m
[2mdist/[22m[2massets/[22m[32mFiraCode-Bold-d778c198.woff2                        [39m[1m[2m   107.79 kB[22m[1m[22m
[2mdist/[22m[2massets/[22m[32mInter-BlackItalic-bc80081d.woff2                    [39m[1m[2m   108.75 kB[22m[1m[22m
[2mdist/[22m[2massets/[22m[32mInter-LightItalic-737ac201.woff2                    [39m[1m[2m   111.33 kB[22m[1m[22m
[2mdist/[22m[2massets/[22m[32mInter-ExtraLightItalic-db229bf3.woff2               [39m[1m[2m   111.39 kB[22m[1m[22m
[2mdist/[22m[2massets/[22m[32mInter-ExtraBoldItalic-cf6b1d6c.woff2                [39m[1m[2m   111.71 kB[22m[1m[22m
[2mdist/[22m[2massets/[22m[32mInter-BoldItalic-3f211964.woff2                     [39m[1m[2m   111.81 kB[22m[1m[22m
[2mdist/[22m[2massets/[22m[32mInter-SemiBoldItalic-3b6df7d0.woff2                 [39m[1m[2m   112.05 kB[22m[1m[22m
[2mdist/[22m[2massets/[22m[32mInter-MediumItalic-81600858.woff2                   [39m[1m[2m   112.18 kB[22m[1m[22m
[2mdist/[22m[2massets/[22m[32mFiraCode-VF-408e876a.woff2                          [39m[1m[2m   113.09 kB[22m[1m[22m
[2mdist/[22m[2massets/[22m[32mFiraCode-Medium-91f1c9c3.woff                       [39m[1m[2m   130.73 kB[22m[1m[22m
[2mdist/[22m[2massets/[22m[32mFiraCode-Light-ece6bdf6.woff                        [39m[1m[2m   131.05 kB[22m[1m[22m
[2mdist/[22m[2massets/[22m[32mFiraCode-Regular-e4b5a20d.woff                      [39m[1m[2m   131.56 kB[22m[1m[22m
[2mdist/[22m[2massets/[22m[32mInter-Regular-ef1f23c0.woff                         [39m[1m[2m   133.84 kB[22m[1m[22m
[2mdist/[22m[2massets/[22m[32mInter-Thin-e6bced8e.woff                            [39m[1m[2m   135.92 kB[22m[1m[22m
[2mdist/[22m[2massets/[22m[32mFiraCode-SemiBold-f7f09d47.woff                     [39m[1m[2m   137.16 kB[22m[1m[22m
[2mdist/[22m[2massets/[22m[32mFiraCode-Bold-3760314a.woff                         [39m[1m[2m   138.49 kB[22m[1m[22m
[2mdist/[22m[2massets/[22m[32mFiraCode-VF-6c9de351.woff                           [39m[1m[2m   138.58 kB[22m[1m[22m
[2mdist/[22m[2massets/[22m[32mInter-Black-8b21d5be.woff                           [39m[1m[2m   138.76 kB[22m[1m[22m
[2mdist/[22m[2massets/[22m[32mInter-Light-4871aed0.woff                           [39m[1m[2m   140.63 kB[22m[1m[22m
[2mdist/[22m[2massets/[22m[32mInter-ExtraLight-015dad27.woff                      [39m[1m[2m   140.72 kB[22m[1m[22m
[2mdist/[22m[2massets/[22m[32mInter-Medium-53deda46.woff                          [39m[1m[2m   142.55 kB[22m[1m[22m
[2mdist/[22m[2massets/[22m[32mInter-ExtraBold-f053602c.woff                       [39m[1m[2m   142.92 kB[22m[1m[22m
[2mdist/[22m[2massets/[22m[32mInter-SemiBold-653fed7a.woff                        [39m[1m[2m   142.93 kB[22m[1m[22m
[2mdist/[22m[2massets/[22m[32mInter-Bold-3e242080.woff                            [39m[1m[2m   143.21 kB[22m[1m[22m
[2mdist/[22m[2massets/[22m[32mInter-Italic-cd1eda97.woff                          [39m[1m[2m   144.37 kB[22m[1m[22m
[2mdist/[22m[2massets/[22m[32mInter-ThinItalic-70648e9b.woff                      [39m[1m[2m   145.48 kB[22m[1m[22m
[2mdist/[22m[2massets/[22m[32mInter-BlackItalic-87235581.woff                     [39m[1m[2m   146.82 kB[22m[1m[22m
[2mdist/[22m[2massets/[22m[32mInter-ExtraLightItalic-32e53d8a.woff                [39m[1m[2m   150.00 kB[22m[1m[22m
[2mdist/[22m[2massets/[22m[32mInter-LightItalic-7d291e85.woff                     [39m[1m[2m   150.09 kB[22m[1m[22m
[2mdist/[22m[2massets/[22m[32mInter-ExtraBoldItalic-6deefddf.woff                 [39m[1m[2m   150.63 kB[22m[1m[22m
[2mdist/[22m[2massets/[22m[32mInter-MediumItalic-205c8989.woff                    [39m[1m[2m   150.99 kB[22m[1m[22m
[2mdist/[22m[2massets/[22m[32mInter-BoldItalic-ace8e094.woff                      [39m[1m[2m   151.05 kB[22m[1m[22m
[2mdist/[22m[2massets/[22m[32mInter-SemiBoldItalic-95e68b6b.woff                  [39m[1m[2m   151.18 kB[22m[1m[22m
[2mdist/[22m[2massets/[22m[32mInter-roman.var-17fe38ab.woff2                      [39m[1m[2m   227.18 kB[22m[1m[22m
[2mdist/[22m[2massets/[22m[32mInter-italic.var-d1401419.woff2                     [39m[1m[2m   245.04 kB[22m[1m[22m
[2mdist/[22m[2massets/[22m[32mInter.var-85f08b5f.woff2                            [39m[1m[2m   324.86 kB[22m[1m[22m
[2mdist/[22m[2massets/[22m[32mpdf.worker-6b078827.js                              [39m[1m[2m 1,966.10 kB[22m[1m[22m
[2mdist/[22m[2massets/[22m[35mindex-325dc0b5.css                                  [39m[1m[2m     5.35 kB[22m[1m[22m
[2mdist/[22m[2massets/[22m[35mpdf-eeedb471.css                                    [39m[1m[2m     8.52 kB[22m[1m[22m
[2mdist/[22m[2massets/[22m[35mcarousel-c615dc18.css                               [39m[1m[2m    13.61 kB[22m[1m[22m
[2mdist/[22m[2massets/[22m[35meventCalendar-f40b48f6.css                          [39m[1m[2m    15.31 kB[22m[1m[22m
[2mdist/[22m[2massets/[22m[35mchat-f8e10861.css                                   [39m[1m[2m    41.27 kB[22m[1m[22m
[2mdist/[22m[2massets/[22m[36mstyle-e56803e5.js                                   [39m[1m[2m     0.15 kB[22m[1m[22m[2m │ map:      0.32 kB[22m
[2mdist/[22m[2massets/[22m[36mclsx.m-925abe8b.js                                  [39m[1m[2m     0.15 kB[22m[1m[22m[2m │ map:      0.10 kB[22m
[2mdist/[22m[2massets/[22m[36mindex-85d8fc49.js                                   [39m[1m[2m     0.15 kB[22m[1m[22m[2m │ map:      0.47 kB[22m
[2mdist/[22m[2massets/[22m[36mstyle-ab05d1ea.js                                   [39m[1m[2m     0.18 kB[22m[1m[22m[2m │ map:      0.44 kB[22m
[2mdist/[22m[2massets/[22m[36mobjectWithoutPropertiesLoose-4f48578a.js            [39m[1m[2m     0.22 kB[22m[1m[22m[2m │ map:      0.98 kB[22m
[2mdist/[22m[2massets/[22m[36mobjectWithoutPropertiesLoose-24430c43.js            [39m[1m[2m     0.22 kB[22m[1m[22m[2m │ map:      0.98 kB[22m
[2mdist/[22m[2massets/[22m[36mhook-c2d61a36.js                                    [39m[1m[2m     0.25 kB[22m[1m[22m[2m │ map:      1.04 kB[22m
[2mdist/[22m[2massets/[22m[36mformatData-40070373.js                              [39m[1m[2m     0.31 kB[22m[1m[22m[2m │ map:      1.59 kB[22m
[2mdist/[22m[2massets/[22m[36mborder-8605a960.js                                  [39m[1m[2m     0.35 kB[22m[1m[22m[2m │ map:      0.78 kB[22m
[2mdist/[22m[2massets/[22m[36mgenerateNewColumns-1d8462f1.js                      [39m[1m[2m     0.38 kB[22m[1m[22m[2m │ map:      1.25 kB[22m
[2mdist/[22m[2massets/[22m[36mutil-522a0cc2.js                                    [39m[1m[2m     0.41 kB[22m[1m[22m[2m │ map:      1.61 kB[22m
[2mdist/[22m[2massets/[22m[36mindex-e4fad305.js                                   [39m[1m[2m     0.44 kB[22m[1m[22m[2m │ map:      1.25 kB[22m
[2mdist/[22m[2massets/[22m[36mstyle-87b0eeec.js                                   [39m[1m[2m     0.46 kB[22m[1m[22m[2m │ map:      1.35 kB[22m
[2mdist/[22m[2massets/[22m[36mindex-eb820249.js                                   [39m[1m[2m     0.47 kB[22m[1m[22m[2m │ map:      0.87 kB[22m
[2mdist/[22m[2massets/[22m[36mindex-b0e0e838.js                                   [39m[1m[2m     0.50 kB[22m[1m[22m[2m │ map:      0.96 kB[22m
[2mdist/[22m[2massets/[22m[36mclsx.m-266f4de0.js                                  [39m[1m[2m     0.52 kB[22m[1m[22m[2m │ map:      1.13 kB[22m
[2mdist/[22m[2massets/[22m[36msearchSelect-23353185.js                            [39m[1m[2m     0.53 kB[22m[1m[22m[2m │ map:      0.70 kB[22m
[2mdist/[22m[2massets/[22m[36mindex-d7e55d34.js                                   [39m[1m[2m     0.58 kB[22m[1m[22m[2m │ map:      2.54 kB[22m
[2mdist/[22m[2massets/[22m[36mformatSelectOptions-bde6f53a.js                     [39m[1m[2m     0.60 kB[22m[1m[22m[2m │ map:      3.10 kB[22m
[2mdist/[22m[2massets/[22m[36mindex-388caa78.js                                   [39m[1m[2m     0.60 kB[22m[1m[22m[2m │ map:      2.07 kB[22m
[2mdist/[22m[2massets/[22m[36mtoPropertyKey-d6b5de35.js                           [39m[1m[2m     0.64 kB[22m[1m[22m[2m │ map:      2.17 kB[22m
[2mdist/[22m[2massets/[22m[36mresizeBar-214a8ecc.js                               [39m[1m[2m     0.65 kB[22m[1m[22m[2m │ map:      1.55 kB[22m
[2mdist/[22m[2massets/[22m[36mstyle-f1ef1d8c.js                                   [39m[1m[2m     0.66 kB[22m[1m[22m[2m │ map:      1.84 kB[22m
[2mdist/[22m[2massets/[22m[36mstyle-81c7430d.js                                   [39m[1m[2m     0.69 kB[22m[1m[22m[2m │ map:      2.51 kB[22m
[2mdist/[22m[2massets/[22m[36mindex-39b21d1c.js                                   [39m[1m[2m     0.71 kB[22m[1m[22m[2m │ map:      1.82 kB[22m
[2mdist/[22m[2massets/[22m[36mindex-74a4124b.js                                   [39m[1m[2m     0.71 kB[22m[1m[22m[2m │ map:      1.82 kB[22m
[2mdist/[22m[2massets/[22m[36maddActionLabel-72386b3a.js                          [39m[1m[2m     0.72 kB[22m[1m[22m[2m │ map:      2.26 kB[22m
[2mdist/[22m[2massets/[22m[36mindex-3527c7df.js                                   [39m[1m[2m     0.74 kB[22m[1m[22m[2m │ map:      3.19 kB[22m
[2mdist/[22m[2massets/[22m[36meventCalendarSelect-24cec07b.js                     [39m[1m[2m     0.76 kB[22m[1m[22m[2m │ map:      1.74 kB[22m
[2mdist/[22m[2massets/[22m[36miframe-43bff956.js                                  [39m[1m[2m     0.77 kB[22m[1m[22m[2m │ map:      2.29 kB[22m
[2mdist/[22m[2massets/[22m[36mstyle-c6164ad1.js                                   [39m[1m[2m     0.79 kB[22m[1m[22m[2m │ map:      1.78 kB[22m
[2mdist/[22m[2massets/[22m[36mindex-8c279ecc.js                                   [39m[1m[2m     0.79 kB[22m[1m[22m[2m │ map:      2.05 kB[22m
[2mdist/[22m[2massets/[22m[36meventTargetStateSelect-7cd9a310.js                  [39m[1m[2m     0.80 kB[22m[1m[22m[2m │ map:      2.03 kB[22m
[2mdist/[22m[2massets/[22m[36mpageSelect-c1ad98f2.js                              [39m[1m[2m     0.80 kB[22m[1m[22m[2m │ map:      2.09 kB[22m
[2mdist/[22m[2massets/[22m[36mindex-cf2bb556.js                                   [39m[1m[2m     0.82 kB[22m[1m[22m[2m │ map:      2.46 kB[22m
[2mdist/[22m[2massets/[22m[36mindex-0da7251c.js                                   [39m[1m[2m     0.86 kB[22m[1m[22m[2m │ map:      2.14 kB[22m
[2mdist/[22m[2massets/[22m[36mdivider-50aba4f0.js                                 [39m[1m[2m     0.86 kB[22m[1m[22m[2m │ map:      2.88 kB[22m
[2mdist/[22m[2massets/[22m[36mindex-b357d0da.js                                   [39m[1m[2m     0.88 kB[22m[1m[22m[2m │ map:      2.27 kB[22m
[2mdist/[22m[2massets/[22m[36meventTargetActionSelect-7d35c633.js                 [39m[1m[2m     0.89 kB[22m[1m[22m[2m │ map:      2.28 kB[22m
[2mdist/[22m[2massets/[22m[36men-abecbfd3.js                                      [39m[1m[2m     0.89 kB[22m[1m[22m[2m │ map:      1.13 kB[22m
[2mdist/[22m[2massets/[22m[36mbaseSwitch-22ddce6b.js                              [39m[1m[2m     0.90 kB[22m[1m[22m[2m │ map:      2.50 kB[22m
[2mdist/[22m[2massets/[22m[36mindex-c5bd24bd.js                                   [39m[1m[2m     0.91 kB[22m[1m[22m[2m │ map:      2.59 kB[22m
[2mdist/[22m[2massets/[22m[36mindex-13245054.js                                   [39m[1m[2m     0.92 kB[22m[1m[22m[2m │ map:      3.85 kB[22m
[2mdist/[22m[2massets/[22m[36mbaseSelect-24418867.js                              [39m[1m[2m     0.93 kB[22m[1m[22m[2m │ map:      2.55 kB[22m
[2mdist/[22m[2massets/[22m[36mbutton-7e081947.js                                  [39m[1m[2m     0.96 kB[22m[1m[22m[2m │ map:      2.42 kB[22m
[2mdist/[22m[2massets/[22m[36merrorPage-170a9d52.js                               [39m[1m[2m     0.96 kB[22m[1m[22m[2m │ map:      2.29 kB[22m
[2mdist/[22m[2massets/[22m[36mheightModeSelect-439ceeef.js                        [39m[1m[2m     0.97 kB[22m[1m[22m[2m │ map:      3.16 kB[22m
[2mdist/[22m[2massets/[22m[36mindex-bfa975bc.js                                   [39m[1m[2m     0.97 kB[22m[1m[22m[2m │ map:      2.62 kB[22m
[2mdist/[22m[2massets/[22m[36meventActionTypeSelect-57285fd4.js                   [39m[1m[2m     0.99 kB[22m[1m[22m[2m │ map:      3.01 kB[22m
[2mdist/[22m[2massets/[22m[36mindex-987b19e1.js                                   [39m[1m[2m     1.01 kB[22m[1m[22m[2m │ map:      3.05 kB[22m
[2mdist/[22m[2massets/[22m[36mchartColorSelectSetter-bcaf187c.js                  [39m[1m[2m     1.01 kB[22m[1m[22m[2m │ map:      3.55 kB[22m
[2mdist/[22m[2massets/[22m[36mall-0a341a74.js                                     [39m[1m[2m     1.03 kB[22m[1m[22m[2m │ map:      1.90 kB[22m
[2mdist/[22m[2massets/[22m[36mindex-ea4369b0.js                                   [39m[1m[2m     1.03 kB[22m[1m[22m[2m │ map:      3.76 kB[22m
[2mdist/[22m[2massets/[22m[36mcolumnTypeSelectSetter-c6cfa608.js                  [39m[1m[2m     1.05 kB[22m[1m[22m[2m │ map:      3.26 kB[22m
[2mdist/[22m[2massets/[22m[36meventWidgetMethodSelect-c0cc5922.js                 [39m[1m[2m     1.06 kB[22m[1m[22m[2m │ map:      3.57 kB[22m
[2mdist/[22m[2massets/[22m[36mindex-4e62626c.js                                   [39m[1m[2m     1.06 kB[22m[1m[22m[2m │ map:      3.41 kB[22m
[2mdist/[22m[2massets/[22m[36mindex-6398d27e.js                                   [39m[1m[2m     1.07 kB[22m[1m[22m[2m │ map:      3.11 kB[22m
[2mdist/[22m[2massets/[22m[36mtimeline-721cd1f3.js                                [39m[1m[2m     1.10 kB[22m[1m[22m[2m │ map:      3.51 kB[22m
[2mdist/[22m[2massets/[22m[36mindex-55b6f8a1.js                                   [39m[1m[2m     1.13 kB[22m[1m[22m[2m │ map:      4.40 kB[22m
[2mdist/[22m[2massets/[22m[36moptionMappedInputSetter-79806405.js                 [39m[1m[2m     1.13 kB[22m[1m[22m[2m │ map:      3.14 kB[22m
[2mdist/[22m[2massets/[22m[36micon-ea5ace6c.js                                    [39m[1m[2m     1.14 kB[22m[1m[22m[2m │ map:      3.07 kB[22m
[2mdist/[22m[2massets/[22m[36mindex-b3d97f60.js                                   [39m[1m[2m     1.15 kB[22m[1m[22m[2m │ map:      2.96 kB[22m
[2mdist/[22m[2massets/[22m[36mcolumsSelectSetter-c09be068.js                      [39m[1m[2m     1.15 kB[22m[1m[22m[2m │ map:      3.58 kB[22m
[2mdist/[22m[2massets/[22m[36mindex-39adaad4.js                                   [39m[1m[2m     1.17 kB[22m[1m[22m[2m │ map:      4.69 kB[22m
[2mdist/[22m[2massets/[22m[36mstyle-7ce959a8.js                                   [39m[1m[2m     1.18 kB[22m[1m[22m[2m │ map:      4.39 kB[22m
[2mdist/[22m[2massets/[22m[36meventBodyViewSelect-5349ac62.js                     [39m[1m[2m     1.20 kB[22m[1m[22m[2m │ map:      4.01 kB[22m
[2mdist/[22m[2massets/[22m[36mindex-dd8ae502.js                                   [39m[1m[2m     1.21 kB[22m[1m[22m[2m │ map:      4.14 kB[22m
[2mdist/[22m[2massets/[22m[36mstyle-0ffb19cc.js                                   [39m[1m[2m     1.22 kB[22m[1m[22m[2m │ map:      2.20 kB[22m
[2mdist/[22m[2massets/[22m[36mdefaultViewKeySetter-e2b218cb.js                    [39m[1m[2m     1.22 kB[22m[1m[22m[2m │ map:      3.94 kB[22m
[2mdist/[22m[2massets/[22m[36mindex-28a695b8.js                                   [39m[1m[2m     1.22 kB[22m[1m[22m[2m │ map:      0.59 kB[22m
[2mdist/[22m[2massets/[22m[36mindex-2de1eeaf.js                                   [39m[1m[2m     1.24 kB[22m[1m[22m[2m │ map:      3.64 kB[22m
[2mdist/[22m[2massets/[22m[36mindex-51a6fd33.js                                   [39m[1m[2m     1.24 kB[22m[1m[22m[2m │ map:      0.67 kB[22m
[2mdist/[22m[2massets/[22m[36mindex-29b6ee2b.js                                   [39m[1m[2m     1.26 kB[22m[1m[22m[2m │ map:      4.82 kB[22m
[2mdist/[22m[2massets/[22m[36mbaseRadioGroup-ddfd8146.js                          [39m[1m[2m     1.30 kB[22m[1m[22m[2m │ map:      4.22 kB[22m
[2mdist/[22m[2massets/[22m[36meventTargetWidgetSelect-f7d58a6a.js                 [39m[1m[2m     1.31 kB[22m[1m[22m[2m │ map:      4.57 kB[22m
[2mdist/[22m[2massets/[22m[36mcircleProgress-4f9424c1.js                          [39m[1m[2m     1.32 kB[22m[1m[22m[2m │ map:      4.27 kB[22m
[2mdist/[22m[2massets/[22m[36mindex-589aa8c4.js                                   [39m[1m[2m     1.38 kB[22m[1m[22m[2m │ map:      3.69 kB[22m
[2mdist/[22m[2massets/[22m[36mbaseDynamicSelect-7d2fcd03.js                       [39m[1m[2m     1.41 kB[22m[1m[22m[2m │ map:      5.22 kB[22m
[2mdist/[22m[2massets/[22m[36mindex-c54a4627.js                                   [39m[1m[2m     1.44 kB[22m[1m[22m[2m │ map:      4.35 kB[22m
[2mdist/[22m[2massets/[22m[36mindex-04df367c.js                                   [39m[1m[2m     1.46 kB[22m[1m[22m[2m │ map:      4.17 kB[22m
[2mdist/[22m[2massets/[22m[36mbarProgress-3329125d.js                             [39m[1m[2m     1.47 kB[22m[1m[22m[2m │ map:      4.60 kB[22m
[2mdist/[22m[2massets/[22m[36mdynamicSelectSetter-eef8baff.js                     [39m[1m[2m     1.48 kB[22m[1m[22m[2m │ map:      5.03 kB[22m
[2mdist/[22m[2massets/[22m[36mswitch-9504d6b7.js                                  [39m[1m[2m     1.52 kB[22m[1m[22m[2m │ map:      4.76 kB[22m
[2mdist/[22m[2massets/[22m[36mchartKeysSelectSetter-d10d588b.js                   [39m[1m[2m     1.53 kB[22m[1m[22m[2m │ map:      6.48 kB[22m
[2mdist/[22m[2massets/[22m[36mtableMappedValueInputSetter-3b54772b.js             [39m[1m[2m     1.55 kB[22m[1m[22m[2m │ map:      5.61 kB[22m
[2mdist/[22m[2massets/[22m[36mzh-cn-5cf85a69.js                                   [39m[1m[2m     1.56 kB[22m[1m[22m[2m │ map:      2.47 kB[22m
[2mdist/[22m[2massets/[22m[36mindex-5c05ddc2.js                                   [39m[1m[2m     1.58 kB[22m[1m[22m[2m │ map:      4.47 kB[22m
[2mdist/[22m[2massets/[22m[36mindex-3891a80a.js                                   [39m[1m[2m     1.61 kB[22m[1m[22m[2m │ map:      4.54 kB[22m
[2mdist/[22m[2massets/[22m[36mstyle-f9cb11da.js                                   [39m[1m[2m     1.63 kB[22m[1m[22m[2m │ map:      3.39 kB[22m
[2mdist/[22m[2massets/[22m[36mindex-ca6ff122.js                                   [39m[1m[2m     1.63 kB[22m[1m[22m[2m │ map:      5.01 kB[22m
[2mdist/[22m[2massets/[22m[36mdynamicSwitch-d25dbc9f.js                           [39m[1m[2m     1.71 kB[22m[1m[22m[2m │ map:      5.11 kB[22m
[2mdist/[22m[2massets/[22m[36mindex-66e267b5.js                                   [39m[1m[2m     1.72 kB[22m[1m[22m[2m │ map:      3.58 kB[22m
[2mdist/[22m[2massets/[22m[36mindex-00cfbb90.js                                   [39m[1m[2m     1.73 kB[22m[1m[22m[2m │ map:      4.42 kB[22m
[2mdist/[22m[2massets/[22m[36mindex-1009292a.js                                   [39m[1m[2m     1.76 kB[22m[1m[22m[2m │ map:      5.32 kB[22m
[2mdist/[22m[2massets/[22m[36mdataSourceSelectSetter-b8c8ced7.js                  [39m[1m[2m     1.77 kB[22m[1m[22m[2m │ map:      5.82 kB[22m
[2mdist/[22m[2massets/[22m[36mindex-dc306b01.js                                   [39m[1m[2m     1.78 kB[22m[1m[22m[2m │ map:      4.83 kB[22m
[2mdist/[22m[2massets/[22m[36mindex-3f95a938.js                                   [39m[1m[2m     1.79 kB[22m[1m[22m[2m │ map:      1.56 kB[22m
[2mdist/[22m[2massets/[22m[36mindex-2c5bdb35.js                                   [39m[1m[2m     1.80 kB[22m[1m[22m[2m │ map:      6.64 kB[22m
[2mdist/[22m[2massets/[22m[36mindex-d2a1389f.js                                   [39m[1m[2m     1.81 kB[22m[1m[22m[2m │ map:      6.42 kB[22m
[2mdist/[22m[2massets/[22m[36mindex-60ff074f.js                                   [39m[1m[2m     1.83 kB[22m[1m[22m[2m │ map:      6.41 kB[22m
[2mdist/[22m[2massets/[22m[36mindex-340f6275.js                                   [39m[1m[2m     1.86 kB[22m[1m[22m[2m │ map:      5.60 kB[22m
[2mdist/[22m[2massets/[22m[36mindex-26cf7140.js                                   [39m[1m[2m     1.86 kB[22m[1m[22m[2m │ map:      8.38 kB[22m
[2mdist/[22m[2massets/[22m[36mdriveWithStatusSwitch-efe5779e.js                   [39m[1m[2m     1.86 kB[22m[1m[22m[2m │ map:      6.38 kB[22m
[2mdist/[22m[2massets/[22m[36mindex-4a00bf4c.js                                   [39m[1m[2m     1.95 kB[22m[1m[22m[2m │ map:      7.31 kB[22m
[2mdist/[22m[2massets/[22m[36mindex-65ed348a.js                                   [39m[1m[2m     1.96 kB[22m[1m[22m[2m │ map:      5.30 kB[22m
[2mdist/[22m[2massets/[22m[36mindex-eb9cf553.js                                   [39m[1m[2m     1.97 kB[22m[1m[22m[2m │ map:      4.19 kB[22m
[2mdist/[22m[2massets/[22m[36mindex-94227886.js                                   [39m[1m[2m     2.00 kB[22m[1m[22m[2m │ map:      6.69 kB[22m
[2mdist/[22m[2massets/[22m[36mstyle-d4d9e5d9.js                                   [39m[1m[2m     2.02 kB[22m[1m[22m[2m │ map:      4.25 kB[22m
[2mdist/[22m[2massets/[22m[36mindex-d719fe5c.js                                   [39m[1m[2m     2.05 kB[22m[1m[22m[2m │ map:      7.58 kB[22m
[2mdist/[22m[2massets/[22m[36mindex-4513268e.js                                   [39m[1m[2m     2.05 kB[22m[1m[22m[2m │ map:      7.89 kB[22m
[2mdist/[22m[2massets/[22m[36mrate-a3fb2b36.js                                    [39m[1m[2m     2.09 kB[22m[1m[22m[2m │ map:      7.86 kB[22m
[2mdist/[22m[2massets/[22m[36mindex-9a64b6a3.js                                   [39m[1m[2m     2.13 kB[22m[1m[22m[2m │ map:      6.97 kB[22m
[2mdist/[22m[2massets/[22m[36mindex-93447a5d.js                                   [39m[1m[2m     2.13 kB[22m[1m[22m[2m │ map:      6.38 kB[22m
[2mdist/[22m[2massets/[22m[36mindex-62c736de.js                                   [39m[1m[2m     2.14 kB[22m[1m[22m[2m │ map:      7.63 kB[22m
[2mdist/[22m[2massets/[22m[36mtabs-1ac08118.js                                    [39m[1m[2m     2.16 kB[22m[1m[22m[2m │ map:      8.95 kB[22m
[2mdist/[22m[2massets/[22m[36mimage-cbdfef01.js                                   [39m[1m[2m     2.21 kB[22m[1m[22m[2m │ map:      8.23 kB[22m
[2mdist/[22m[2massets/[22m[36mcheckboxGroup-4094d0d6.js                           [39m[1m[2m     2.27 kB[22m[1m[22m[2m │ map:      8.49 kB[22m
[2mdist/[22m[2massets/[22m[36mradioGroup-83d6d671.js                              [39m[1m[2m     2.28 kB[22m[1m[22m[2m │ map:      8.43 kB[22m
[2mdist/[22m[2massets/[22m[36mindex-1a43070a.js                                   [39m[1m[2m     2.28 kB[22m[1m[22m[2m │ map:      7.65 kB[22m
[2mdist/[22m[2massets/[22m[36mcascader-091d5d12.js                                [39m[1m[2m     2.28 kB[22m[1m[22m[2m │ map:      8.20 kB[22m
[2mdist/[22m[2massets/[22m[36mchartKeysDynamicSelectSetter-ce261d46.js            [39m[1m[2m     2.32 kB[22m[1m[22m[2m │ map:     10.28 kB[22m
[2mdist/[22m[2massets/[22m[36mindex-6b87e658.js                                   [39m[1m[2m     2.33 kB[22m[1m[22m[2m │ map:      8.87 kB[22m
[2mdist/[22m[2massets/[22m[36mradioButton-0ed1b143.js                             [39m[1m[2m     2.33 kB[22m[1m[22m[2m │ map:      8.49 kB[22m
[2mdist/[22m[2massets/[22m[36mindex-c8c2a144.js                                   [39m[1m[2m     2.34 kB[22m[1m[22m[2m │ map:      9.35 kB[22m
[2mdist/[22m[2massets/[22m[36mdate-ac34de5b.js                                    [39m[1m[2m     2.36 kB[22m[1m[22m[2m │ map:      8.99 kB[22m
[2mdist/[22m[2massets/[22m[36mindex-bc0e4121.js                                   [39m[1m[2m     2.37 kB[22m[1m[22m[2m │ map:      8.15 kB[22m
[2mdist/[22m[2massets/[22m[36mdateTime-4a628b49.js                                [39m[1m[2m     2.42 kB[22m[1m[22m[2m │ map:      9.11 kB[22m
[2mdist/[22m[2massets/[22m[36mtimePicker-842b51f2.js                              [39m[1m[2m     2.45 kB[22m[1m[22m[2m │ map:      9.31 kB[22m
[2mdist/[22m[2massets/[22m[36mcontainer-bc243cd3.js                               [39m[1m[2m     2.46 kB[22m[1m[22m[2m │ map:      9.83 kB[22m
[2mdist/[22m[2massets/[22m[36mindex-28725a93.js                                   [39m[1m[2m     2.47 kB[22m[1m[22m[2m │ map:      7.28 kB[22m
[2mdist/[22m[2massets/[22m[36mIconPickerList-8bd05f97.js                          [39m[1m[2m     2.47 kB[22m[1m[22m[2m │ map:      6.97 kB[22m
[2mdist/[22m[2massets/[22m[36mindex-511dc243.js                                   [39m[1m[2m     2.50 kB[22m[1m[22m[2m │ map:      8.34 kB[22m
[2mdist/[22m[2massets/[22m[36mselect-a791006e.js                                  [39m[1m[2m     2.51 kB[22m[1m[22m[2m │ map:      9.48 kB[22m
[2mdist/[22m[2massets/[22m[36mtableDataSourceSelectSetter-b8c257a8.js             [39m[1m[2m     2.55 kB[22m[1m[22m[2m │ map:      9.92 kB[22m
[2mdist/[22m[2massets/[22m[36mindex-a0c2b4f7.js                                   [39m[1m[2m     2.56 kB[22m[1m[22m[2m │ map:      6.40 kB[22m
[2mdist/[22m[2massets/[22m[36mindex-40223bc0.js                                   [39m[1m[2m     2.63 kB[22m[1m[22m[2m │ map:      7.98 kB[22m
[2mdist/[22m[2massets/[22m[36mmultiselect-0a6757d1.js                             [39m[1m[2m     2.68 kB[22m[1m[22m[2m │ map:     10.18 kB[22m
[2mdist/[22m[2massets/[22m[36mdateRange-1b522956.js                               [39m[1m[2m     2.71 kB[22m[1m[22m[2m │ map:     10.36 kB[22m
[2mdist/[22m[2massets/[22m[36mindex-5302745a.js                                   [39m[1m[2m     2.76 kB[22m[1m[22m[2m │ map:      9.50 kB[22m
[2mdist/[22m[2massets/[22m[36mtoConsumableArray-7a49c97b.js                       [39m[1m[2m     2.96 kB[22m[1m[22m[2m │ map:     12.93 kB[22m
[2mdist/[22m[2massets/[22m[36mindex-ee1a14d1.js                                   [39m[1m[2m     2.98 kB[22m[1m[22m[2m │ map:      8.86 kB[22m
[2mdist/[22m[2massets/[22m[36mindex-adfa479c.js                                   [39m[1m[2m     3.05 kB[22m[1m[22m[2m │ map:      7.24 kB[22m
[2mdist/[22m[2massets/[22m[36mnumberInput-2be892d8.js                             [39m[1m[2m     3.09 kB[22m[1m[22m[2m │ map:     13.15 kB[22m
[2mdist/[22m[2massets/[22m[36mtimeRange-6cc57a25.js                               [39m[1m[2m     3.10 kB[22m[1m[22m[2m │ map:     12.29 kB[22m
[2mdist/[22m[2massets/[22m[36mindex-3a45da7e.js                                   [39m[1m[2m     3.11 kB[22m[1m[22m[2m │ map:     10.13 kB[22m
[2mdist/[22m[2massets/[22m[36mindex-f9edb094.js                                   [39m[1m[2m     3.13 kB[22m[1m[22m[2m │ map:     12.68 kB[22m
[2mdist/[22m[2massets/[22m[36mindex-c4444389.js                                   [39m[1m[2m     3.15 kB[22m[1m[22m[2m │ map:      7.80 kB[22m
[2mdist/[22m[2massets/[22m[36mslider-ad784308.js                                  [39m[1m[2m     3.19 kB[22m[1m[22m[2m │ map:     13.60 kB[22m
[2mdist/[22m[2massets/[22m[36mindex-487c590f.js                                   [39m[1m[2m     3.22 kB[22m[1m[22m[2m │ map:     10.21 kB[22m
[2mdist/[22m[2massets/[22m[36mrangeSlider-951cbcb1.js                             [39m[1m[2m     3.28 kB[22m[1m[22m[2m │ map:     12.76 kB[22m
[2mdist/[22m[2massets/[22m[36mtags-f171c722.js                                    [39m[1m[2m     3.29 kB[22m[1m[22m[2m │ map:     14.36 kB[22m
[2mdist/[22m[2massets/[22m[36mindex-b61b569e.js                                   [39m[1m[2m     3.37 kB[22m[1m[22m[2m │ map:      9.77 kB[22m
[2mdist/[22m[2massets/[22m[36mvideo-c11293a4.js                                   [39m[1m[2m     3.45 kB[22m[1m[22m[2m │ map:     12.97 kB[22m
[2mdist/[22m[2massets/[22m[36mindex-b19f80db.js                                   [39m[1m[2m     3.45 kB[22m[1m[22m[2m │ map:     11.89 kB[22m
[2mdist/[22m[2massets/[22m[36mtext-8b07e8f4.js                                    [39m[1m[2m     3.48 kB[22m[1m[22m[2m │ map:     12.90 kB[22m
[2mdist/[22m[2massets/[22m[36mindex-fae9712a.js                                   [39m[1m[2m     3.53 kB[22m[1m[22m[2m │ map:     12.06 kB[22m
[2mdist/[22m[2massets/[22m[36mindex-b7c72064.js                                   [39m[1m[2m     3.58 kB[22m[1m[22m[2m │ map:     12.03 kB[22m
[2mdist/[22m[2massets/[22m[36mmodal-e72fcac1.js                                   [39m[1m[2m     3.65 kB[22m[1m[22m[2m │ map:     14.85 kB[22m
[2mdist/[22m[2massets/[22m[36mindex-f8d153ec.js                                   [39m[1m[2m     3.66 kB[22m[1m[22m[2m │ map:     12.64 kB[22m
[2mdist/[22m[2massets/[22m[36maudio-c44131ca.js                                   [39m[1m[2m     3.71 kB[22m[1m[22m[2m │ map:     13.58 kB[22m
[2mdist/[22m[2massets/[22m[36mrenderComponentCanvasContainerWithJson-2f265ff8.js  [39m[1m[2m     3.72 kB[22m[1m[22m[2m │ map:     19.06 kB[22m
[2mdist/[22m[2massets/[22m[36minput-53a4cd9b.js                                   [39m[1m[2m     3.73 kB[22m[1m[22m[2m │ map:     15.76 kB[22m
[2mdist/[22m[2massets/[22m[36msteps-78b3e3d3.js                                   [39m[1m[2m     3.75 kB[22m[1m[22m[2m │ map:     18.43 kB[22m
[2mdist/[22m[2massets/[22m[36mindex-77cdbb2a.js                                   [39m[1m[2m     3.82 kB[22m[1m[22m[2m │ map:     18.13 kB[22m
[2mdist/[22m[2massets/[22m[36mswitchGroup-4c422d21.js                             [39m[1m[2m     3.84 kB[22m[1m[22m[2m │ map:     16.02 kB[22m
[2mdist/[22m[2massets/[22m[36mutils-e846a212.js                                   [39m[1m[2m     3.87 kB[22m[1m[22m[2m │ map:     14.66 kB[22m
[2mdist/[22m[2massets/[22m[36mindex-74eca2db.js                                   [39m[1m[2m     3.91 kB[22m[1m[22m[2m │ map:     13.39 kB[22m
[2mdist/[22m[2massets/[22m[36mindex-679bb184.js                                   [39m[1m[2m     4.00 kB[22m[1m[22m[2m │ map:     14.86 kB[22m
[2mdist/[22m[2massets/[22m[36mindex-a2eddcda.js                                   [39m[1m[2m     4.01 kB[22m[1m[22m[2m │ map:     13.65 kB[22m
[2mdist/[22m[2massets/[22m[36mstatistics-443b29b9.js                              [39m[1m[2m     4.13 kB[22m[1m[22m[2m │ map:     15.32 kB[22m
[2mdist/[22m[2massets/[22m[36mindex-25fb7c24.js                                   [39m[1m[2m     4.17 kB[22m[1m[22m[2m │ map:     14.36 kB[22m
[2mdist/[22m[2massets/[22m[36meditableText-a09f54d6.js                            [39m[1m[2m     4.17 kB[22m[1m[22m[2m │ map:     15.99 kB[22m
[2mdist/[22m[2massets/[22m[36mindex-b9986873.js                                   [39m[1m[2m     4.20 kB[22m[1m[22m[2m │ map:     14.82 kB[22m
[2mdist/[22m[2massets/[22m[36mindex-e9708d2e.js                                   [39m[1m[2m     4.27 kB[22m[1m[22m[2m │ map:     15.87 kB[22m
[2mdist/[22m[2massets/[22m[36mupload-e40a407a.js                                  [39m[1m[2m     4.30 kB[22m[1m[22m[2m │ map:     17.77 kB[22m
[2mdist/[22m[2massets/[22m[36mtextArea-0da18df3.js                                [39m[1m[2m     4.38 kB[22m[1m[22m[2m │ map:     19.87 kB[22m
[2mdist/[22m[2massets/[22m[36mmenu-77752b25.js                                    [39m[1m[2m     4.77 kB[22m[1m[22m[2m │ map:     15.76 kB[22m
[2mdist/[22m[2massets/[22m[36mindex-b53715a2.js                                   [39m[1m[2m     4.79 kB[22m[1m[22m[2m │ map:     19.22 kB[22m
[2mdist/[22m[2massets/[22m[36mindex-d14d2d09.js                                   [39m[1m[2m     4.95 kB[22m[1m[22m[2m │ map:     18.96 kB[22m
[2mdist/[22m[2massets/[22m[36mindex-721a0001.js                                   [39m[1m[2m     5.02 kB[22m[1m[22m[2m │ map:     19.19 kB[22m
[2mdist/[22m[2massets/[22m[36mTableRow-0efde337.js                                [39m[1m[2m     5.20 kB[22m[1m[22m[2m │ map:     33.44 kB[22m
[2mdist/[22m[2massets/[22m[36mlistItem-3e8941f1.js                                [39m[1m[2m     5.25 kB[22m[1m[22m[2m │ map:     18.57 kB[22m
[2mdist/[22m[2massets/[22m[36msignature-adba6371.js                               [39m[1m[2m     5.26 kB[22m[1m[22m[2m │ map:     19.24 kB[22m
[2mdist/[22m[2massets/[22m[36mindex-456a7ba6.js                                   [39m[1m[2m     5.28 kB[22m[1m[22m[2m │ map:     20.72 kB[22m
[2mdist/[22m[2massets/[22m[36mindex-9812ddae.js                                   [39m[1m[2m     5.31 kB[22m[1m[22m[2m │ map:     18.40 kB[22m
[2mdist/[22m[2massets/[22m[36mstyle-e8a523f0.js                                   [39m[1m[2m     5.52 kB[22m[1m[22m[2m │ map:     19.29 kB[22m
[2mdist/[22m[2massets/[22m[36mrecording-6787a541.js                               [39m[1m[2m     5.65 kB[22m[1m[22m[2m │ map:     23.35 kB[22m
[2mdist/[22m[2massets/[22m[36mchartTypeSelectSetter-78184d04.js                   [39m[1m[2m     5.68 kB[22m[1m[22m[2m │ map:     13.32 kB[22m
[2mdist/[22m[2massets/[22m[36mindex-68e8e260.js                                   [39m[1m[2m     6.18 kB[22m[1m[22m[2m │ map:     23.65 kB[22m
[2mdist/[22m[2massets/[22m[36mform-0541d052.js                                    [39m[1m[2m     6.28 kB[22m[1m[22m[2m │ map:     28.98 kB[22m
[2mdist/[22m[2massets/[22m[36mindex-1df71957.js                                   [39m[1m[2m     6.29 kB[22m[1m[22m[2m │ map:     21.72 kB[22m
[2mdist/[22m[2massets/[22m[36mindex-201b22e4.js                                   [39m[1m[2m     6.37 kB[22m[1m[22m[2m │ map:     22.73 kB[22m
[2mdist/[22m[2massets/[22m[36mindex-211d2258.js                                   [39m[1m[2m     6.41 kB[22m[1m[22m[2m │ map:     25.58 kB[22m
[2mdist/[22m[2massets/[22m[36mindex-be954962.js                                   [39m[1m[2m     6.88 kB[22m[1m[22m[2m │ map:     23.51 kB[22m
[2mdist/[22m[2massets/[22m[36mindex-6d9f62a7.js                                   [39m[1m[2m     6.92 kB[22m[1m[22m[2m │ map:     34.41 kB[22m
[2mdist/[22m[2massets/[22m[36mIconSelector-70bd1f67.js                            [39m[1m[2m     7.00 kB[22m[1m[22m[2m │ map:     22.33 kB[22m
[2mdist/[22m[2massets/[22m[36mindex-fc923dc9.js                                   [39m[1m[2m     7.23 kB[22m[1m[22m[2m │ map:     20.38 kB[22m
[2mdist/[22m[2massets/[22m[36mtable-d788abe4.js                                   [39m[1m[2m     7.45 kB[22m[1m[22m[2m │ map:     31.17 kB[22m
[2mdist/[22m[2massets/[22m[36mindex-b39563da.js                                   [39m[1m[2m     7.59 kB[22m[1m[22m[2m │ map:     29.57 kB[22m
[2mdist/[22m[2massets/[22m[36mindex-f6fe2565.js                                   [39m[1m[2m     7.76 kB[22m[1m[22m[2m │ map:     26.46 kB[22m
[2mdist/[22m[2massets/[22m[36mindex-14c0451a.js                                   [39m[1m[2m     7.99 kB[22m[1m[22m[2m │ map:     32.73 kB[22m
[2mdist/[22m[2massets/[22m[36mstyle-94c6e765.js                                   [39m[1m[2m     8.25 kB[22m[1m[22m[2m │ map:     29.60 kB[22m
[2mdist/[22m[2massets/[22m[36mpanelFolder-e36caa88.js                             [39m[1m[2m     8.30 kB[22m[1m[22m[2m │ map:     34.38 kB[22m
[2mdist/[22m[2massets/[22m[36mclsx-2652d4b7.js                                    [39m[1m[2m     8.61 kB[22m[1m[22m[2m │ map:     25.56 kB[22m
[2mdist/[22m[2massets/[22m[36mindex-f4a03c0f.js                                   [39m[1m[2m     8.67 kB[22m[1m[22m[2m │ map:     32.47 kB[22m
[2mdist/[22m[2massets/[22m[36mindex-a90f76ce.js                                   [39m[1m[2m     9.26 kB[22m[1m[22m[2m │ map:     46.89 kB[22m
[2mdist/[22m[2massets/[22m[36mdrive-7f8f021f.js                                   [39m[1m[2m     9.41 kB[22m[1m[22m[2m │ map:     21.09 kB[22m
[2mdist/[22m[2massets/[22m[36mindex-c59c542c.js                                   [39m[1m[2m     9.69 kB[22m[1m[22m[2m │ map:     38.93 kB[22m
[2mdist/[22m[2massets/[22m[36mindex-ab81ede8.js                                   [39m[1m[2m     9.74 kB[22m[1m[22m[2m │ map:     40.32 kB[22m
[2mdist/[22m[2massets/[22m[36mjsonEditor-0dd5efc2.js                              [39m[1m[2m     9.78 kB[22m[1m[22m[2m │ map:     40.89 kB[22m
[2mdist/[22m[2massets/[22m[36mindex-e0cecb43.js                                   [39m[1m[2m    11.25 kB[22m[1m[22m[2m │ map:     36.59 kB[22m
[2mdist/[22m[2massets/[22m[36mgridList-d8a69d68.js                                [39m[1m[2m    12.02 kB[22m[1m[22m[2m │ map:     57.61 kB[22m
[2mdist/[22m[2massets/[22m[36mindex-9d9d2093.js                                   [39m[1m[2m    12.15 kB[22m[1m[22m[2m │ map:     46.73 kB[22m
[2mdist/[22m[2massets/[22m[36mlist-1418fdee.js                                    [39m[1m[2m    12.95 kB[22m[1m[22m[2m │ map:     60.69 kB[22m
[2mdist/[22m[2massets/[22m[36mindex-beb14496.js                                   [39m[1m[2m    14.87 kB[22m[1m[22m[2m │ map:     66.17 kB[22m
[2mdist/[22m[2massets/[22m[36mqrCode-73daaead.js                                  [39m[1m[2m    15.12 kB[22m[1m[22m[2m │ map:     58.23 kB[22m
[2mdist/[22m[2massets/[22m[36mindex-707297f9.js                                   [39m[1m[2m    16.21 kB[22m[1m[22m[2m │ map:     72.04 kB[22m
[2mdist/[22m[2massets/[22m[36m_baseFindIndex-eb08fdd7.js                          [39m[1m[2m    17.10 kB[22m[1m[22m[2m │ map:    130.98 kB[22m
[2mdist/[22m[2massets/[22m[36mindex-6aa7b0f9.js                                   [39m[1m[2m    17.13 kB[22m[1m[22m[2m │ map:     73.34 kB[22m
[2mdist/[22m[2massets/[22m[36mindex-0e3e8646.js                                   [39m[1m[2m    17.89 kB[22m[1m[22m[2m │ map:     60.80 kB[22m
[2mdist/[22m[2massets/[22m[36mindex-830ae43d.js                                   [39m[1m[2m    18.54 kB[22m[1m[22m[2m │ map:     70.55 kB[22m
[2mdist/[22m[2massets/[22m[36m@emotion-4f16718e.js                                [39m[1m[2m    18.87 kB[22m[1m[22m[2m │ map:    124.10 kB[22m
[2mdist/[22m[2massets/[22m[36mindex-e1b29bbf.js                                   [39m[1m[2m    20.67 kB[22m[1m[22m[2m │ map:     70.55 kB[22m
[2mdist/[22m[2massets/[22m[36mindex-9ec1a7b2.js                                   [39m[1m[2m    26.19 kB[22m[1m[22m[2m │ map:    106.04 kB[22m
[2mdist/[22m[2massets/[22m[36mTableCell-17ab900b.js                               [39m[1m[2m    32.17 kB[22m[1m[22m[2m │ map:    173.41 kB[22m
[2mdist/[22m[2massets/[22m[36mpdf-f7d00904.js                                     [39m[1m[2m    40.43 kB[22m[1m[22m[2m │ map:    166.34 kB[22m
[2mdist/[22m[2massets/[22m[36mindex-ffe42680.js                                   [39m[1m[2m    45.11 kB[22m[1m[22m[2m │ map:    178.69 kB[22m
[2mdist/[22m[2massets/[22m[36mpopper-811f454c.js                                  [39m[1m[2m    49.94 kB[22m[1m[22m[2m │ map:    263.57 kB[22m
[2mdist/[22m[2massets/[22m[36mindex-dcb9a7b8.js                                   [39m[1m[2m    56.13 kB[22m[1m[22m[2m │ map:    216.32 kB[22m
[2mdist/[22m[2massets/[22m[36mindex-e7294a86.js                                   [39m[1m[2m    56.71 kB[22m[1m[22m[2m │ map:    207.08 kB[22m
[2mdist/[22m[2massets/[22m[36mGuideApp-a4d73621.js                                [39m[1m[2m    58.91 kB[22m[1m[22m[2m │ map:     33.96 kB[22m
[2mdist/[22m[2massets/[22m[36mcarousel-3ba80160.js                                [39m[1m[2m    61.53 kB[22m[1m[22m[2m │ map:    217.29 kB[22m
[2mdist/[22m[2massets/[22m[36mstyle-f7323cb2.js                                   [39m[1m[2m    81.28 kB[22m[1m[22m[2m │ map:    330.97 kB[22m
[2mdist/[22m[2massets/[22m[36mlodash-lib-6e94956b.js                              [39m[1m[2m    87.61 kB[22m[1m[22m[2m │ map:    840.74 kB[22m
[2mdist/[22m[2massets/[22m[36mindex-ee5c82b7.js                                   [39m[1m[2m   107.65 kB[22m[1m[22m[2m │ map:    349.41 kB[22m
[2mdist/[22m[2massets/[22m[36mrenderComponentCanvasContainer-b0136770.js          [39m[1m[2m   145.02 kB[22m[1m[22m[2m │ map:    732.41 kB[22m
[2mdist/[22m[2massets/[22m[36mindex-641d7604.js                                   [39m[1m[2m   172.34 kB[22m[1m[22m[2m │ map:    574.86 kB[22m
[2mdist/[22m[2massets/[22m[36meventCalendar-fb6ec42a.js                           [39m[1m[2m   175.98 kB[22m[1m[22m[2m │ map:    791.94 kB[22m
[2mdist/[22m[2massets/[22m[36mchat-c54d3cc6.js                                    [39m[1m[2m   193.12 kB[22m[1m[22m[2m │ map:  1,485.43 kB[22m
[2mdist/[22m[2massets/[22m[36mreact-9b7e00e3.js                                   [39m[1m[2m   197.07 kB[22m[1m[22m[2m │ map:    690.71 kB[22m
[2mdist/[22m[2massets/[22m[36mchart-b22a9d5d.js                                   [39m[1m[2m   200.34 kB[22m[1m[22m[2m │ map:    782.37 kB[22m
[2mdist/[22m[2massets/[22m[36mjsonSchemaForm-7828a618.js                          [39m[1m[2m   275.17 kB[22m[1m[22m[2m │ map:  1,299.32 kB[22m
[2mdist/[22m[2massets/[22m[36mindex-69417b63.js                                   [39m[1m[2m   324.45 kB[22m[1m[22m[2m │ map:    757.68 kB[22m
[2mdist/[22m[2massets/[22m[36mcodeScanner-73f1ca28.js                             [39m[1m[2m   341.06 kB[22m[1m[22m[2m │ map:  1,765.48 kB[22m
[2mdist/[22m[2massets/[22m[36mrichText-25bc1e08.js                                [39m[1m[2m   460.51 kB[22m[1m[22m[2m │ map:  1,099.34 kB[22m
[2mdist/[22m[2massets/[22m[36mcodeMirror-vendor-eff8ab8d.js                       [39m[1m[33m   561.56 kB[39m[22m[2m │ map:  2,164.12 kB[22m
[2mdist/[22m[2massets/[22m[36mlayoutInfoListener-b5733b66.js                      [39m[1m[33m   646.95 kB[39m[22m[2m │ map:  3,238.77 kB[22m
[2mdist/[22m[2massets/[22m[36mdataGrid-c5a79e9d.js                                [39m[1m[33m   667.42 kB[39m[22m[2m │ map:  3,189.12 kB[22m
[2mdist/[22m[2massets/[22m[36mindex-0c339c8f.js                                   [39m[1m[33m   711.92 kB[39m[22m[2m │ map:  1,661.13 kB[22m
[2mdist/[22m[2massets/[22m[36m@illa-design-402f214a.js                            [39m[1m[33m   784.16 kB[39m[22m[2m │ map:  3,425.49 kB[22m
[2mdist/[22m[2massets/[22m[36mexceljs.min-99022c2f.js                             [39m[1m[33m 1,156.74 kB[39m[22m[2m │ map:  2,572.40 kB[22m
[2mdist/[22m[2massets/[22m[36mreact-icons-vendor-2430ea65.js                      [39m[1m[33m 2,455.99 kB[39m[22m[2m │ map:  4,721.50 kB[22m
[2mdist/[22m[2massets/[22m[36mindex-95dd7c90.js                                   [39m[1m[33m10,448.06 kB[39m[22m[2m │ map: 13,639.52 kB[22m
[32m✓ built in 1m 22s[39m
