
$ docker compose up -d --build
#1 [internal] load local bake definitions
#1 reading from stdin 1.84kB done
#1 DONE 0.0s

#2 [proxy internal] load build definition from Dockerfile.verify
#2 transferring dockerfile: 1.07kB done
#2 DONE 0.0s

#3 [archivebox internal] load build definition from Dockerfile.verify
#3 transferring dockerfile: 1.16kB done
#3 DONE 0.0s

#4 [proxy context sandboxca] load .dockerignore
#4 transferring sandboxca: 2B done
#4 DONE 0.0s

#5 [proxy internal] load metadata for docker.io/library/node:22-alpine
#5 DONE 0.0s

#6 [proxy internal] load .dockerignore
#6 transferring context: 2B done
#6 DONE 0.0s

#7 [archivebox internal] load metadata for docker.io/library/python:3.13-slim
#7 ...

#8 [proxy internal] load build context
#8 transferring context: 60.99kB done
#8 DONE 0.0s

#9 [proxy stage-0 1/5] FROM docker.io/library/node:22-alpine@sha256:b6f26b36c8ff49624cfdac716b8ea1138d606df02586a77d364bb5536a634f85
#9 resolve docker.io/library/node:22-alpine@sha256:b6f26b36c8ff49624cfdac716b8ea1138d606df02586a77d364bb5536a634f85 0.0s done
#9 DONE 0.0s

#10 [proxy context sandboxca] load from client
#10 transferring sandboxca: 228.61kB 0.0s done
#10 DONE 0.0s

#11 [proxy stage-0 2/5] COPY --from=sandboxca ca-bundle.crt /etc/ssl/certs/ca-certificates.crt
#11 CACHED

#12 [proxy stage-0 3/5] WORKDIR /cp
#12 CACHED

#13 [proxy stage-0 4/5] COPY ui-bridge ./ui-bridge
#13 DONE 0.0s

#14 [proxy stage-0 5/5] COPY capability-port ./capability-port
#14 DONE 0.0s

#15 [proxy] exporting to image
#15 exporting layers 0.0s done
#15 exporting manifest sha256:af0ea15d4fc242280decfe9267be9dcffff1ca1de8048e23661ba36b982750a2 done
#15 exporting config sha256:b7f66650c4899cffadb07c13c78a83ad6ec8f721ca6810e115fa23fdfdaa6bde done
#15 exporting attestation manifest sha256:bbad1019db9795510910975fe4c70b12e42c859e266a6e9e15a63c461e702444 done
#15 exporting manifest list sha256:463035047ec671ee038fc5571cc32a3272ea066ce0cd7a19048f72146519fb26 done
#15 naming to docker.io/library/atta-002archivebox-proxy:latest done
#15 unpacking to docker.io/library/atta-002archivebox-proxy:latest 0.0s done
#15 DONE 0.1s

#16 [proxy] resolving provenance for metadata file
#16 DONE 0.0s

#7 [archivebox internal] load metadata for docker.io/library/python:3.13-slim
#7 DONE 1.5s

#17 [archivebox internal] load .dockerignore
#17 transferring context: 1.28kB done
#17 DONE 0.0s

#10 [archivebox context sandboxca] load from client
#10 CACHED

#18 [archivebox stage-0 1/8] FROM docker.io/library/python:3.13-slim@sha256:8d9d0b8bcf6506481eae4907c18f5e3e7902e629f5f6d684f9e7c32e85e3ddf0
#18 resolve docker.io/library/python:3.13-slim@sha256:8d9d0b8bcf6506481eae4907c18f5e3e7902e629f5f6d684f9e7c32e85e3ddf0 0.0s done
#18 ...

#19 [archivebox internal] load build context
#19 transferring context: 4.56MB 0.1s done
#19 DONE 0.1s

#18 [archivebox stage-0 1/8] FROM docker.io/library/python:3.13-slim@sha256:8d9d0b8bcf6506481eae4907c18f5e3e7902e629f5f6d684f9e7c32e85e3ddf0
#18 sha256:4a43a40b039e72c4176e2fcbb0c08f42be7ff4e6a07722417801c9147b67bfb2 250B / 250B 0.1s done
#18 sha256:264ba3d8ae19c964ad7ebecdd4379a348cc08c7898b50d08d7884127a78fdb23 0B / 11.91MB 0.2s
#18 sha256:264ba3d8ae19c964ad7ebecdd4379a348cc08c7898b50d08d7884127a78fdb23 1.05MB / 11.91MB 0.3s
#18 sha256:3d9fb74714202c0d9ba7af2ca3e226fec5647f73cefc725b7ff37338bc1b59ec 0B / 1.29MB 0.2s
#18 sha256:6b37362b3da78869050b894b799ad4df04f1f3b52774087db0d81151570244c8 0B / 29.83MB 0.2s
#18 sha256:264ba3d8ae19c964ad7ebecdd4379a348cc08c7898b50d08d7884127a78fdb23 11.91MB / 11.91MB 0.4s done
#18 sha256:3d9fb74714202c0d9ba7af2ca3e226fec5647f73cefc725b7ff37338bc1b59ec 1.29MB / 1.29MB 0.5s done
#18 sha256:6b37362b3da78869050b894b799ad4df04f1f3b52774087db0d81151570244c8 29.83MB / 29.83MB 0.7s done
#18 extracting sha256:6b37362b3da78869050b894b799ad4df04f1f3b52774087db0d81151570244c8
#18 extracting sha256:6b37362b3da78869050b894b799ad4df04f1f3b52774087db0d81151570244c8 0.7s done
#18 DONE 1.5s

#18 [archivebox stage-0 1/8] FROM docker.io/library/python:3.13-slim@sha256:8d9d0b8bcf6506481eae4907c18f5e3e7902e629f5f6d684f9e7c32e85e3ddf0
#18 extracting sha256:3d9fb74714202c0d9ba7af2ca3e226fec5647f73cefc725b7ff37338bc1b59ec 0.1s done
#18 extracting sha256:264ba3d8ae19c964ad7ebecdd4379a348cc08c7898b50d08d7884127a78fdb23
#18 extracting sha256:264ba3d8ae19c964ad7ebecdd4379a348cc08c7898b50d08d7884127a78fdb23 0.3s done
#18 extracting sha256:4a43a40b039e72c4176e2fcbb0c08f42be7ff4e6a07722417801c9147b67bfb2
#18 extracting sha256:4a43a40b039e72c4176e2fcbb0c08f42be7ff4e6a07722417801c9147b67bfb2 0.0s done
#18 DONE 1.9s

#20 [archivebox stage-0 2/8] COPY --from=sandboxca ca-bundle.crt /etc/ssl/certs/ca-certificates.crt
#20 DONE 0.2s

#21 [archivebox stage-0 3/8] RUN pip install --no-cache-dir uv
#21 2.094 Collecting uv
#21 2.328   Downloading uv-0.12.18-py3-none-manylinux_2_17_x86_64.manylinux2014_x86_64.whl.metadata (11 kB)
#21 2.381 Downloading uv-0.12.18-py3-none-manylinux_2_17_x86_64.manylinux2014_x86_64.whl (20.5 MB)
#21 2.666    ━━━━━━━━━━━━━━━━━━━━━━━━━━━━━━━━━━━━━━━━ 20.5/20.5 MB 94.5 MB/s  0:00:00
#21 2.748 Installing collected packages: uv
#21 3.135 Successfully installed uv-0.12.18
#21 3.135 WARNING: Running pip as the 'root' user can result in broken permissions and conflicting behaviour with the system package manager, possibly rendering your system unusable. It is recommended to use a virtual environment instead: https://pip.pypa.io/warnings/venv. Use the --root-user-action option if you know what you are doing and want to suppress this warning.
#21 DONE 3.3s

#22 [archivebox stage-0 4/8] WORKDIR /app
#22 DONE 0.0s

#23 [archivebox stage-0 5/8] COPY . .
#23 DONE 0.1s

#24 [archivebox stage-0 6/8] RUN uv sync --frozen --no-dev
#24 0.079 warning: The `UV_NATIVE_TLS` environment variable is deprecated and will be removed in a future release. Use `UV_SYSTEM_CERTS` instead.
#24 0.131 Using CPython 3.13.15 interpreter at: /usr/local/bin/python3
#24 0.131 Creating virtual environment at: .venv
#24 0.188    Building archivebox @ file:///app
#24 0.628 Downloading twisted (3.1MiB)
#24 0.631 Downloading pydantic-core (2.0MiB)
#24 0.632 Downloading lz4 (1.3MiB)
#24 0.633 Downloading pygments (1.2MiB)
#24 0.634 Downloading cryptography (4.5MiB)
#24 0.634 Downloading pycryptodomex (2.2MiB)
#24 0.635 Downloading psycopg-binary (4.9MiB)
#24 0.637 Downloading jedi (4.7MiB)
#24 0.637 Downloading autobahn (2.2MiB)
#24 0.641 Downloading django-ninja (2.3MiB)
#24 0.641 Downloading uv (25.7MiB)
#24 0.643 Downloading django (8.0MiB)
#24 0.990    Building atomicwrites==1.4.1
#24 1.063  Downloaded pygments
#24 1.084  Downloaded lz4
#24 1.199  Downloaded pydantic-core
#24 1.211  Downloaded autobahn
#24 1.211  Downloaded django-ninja
#24 1.211  Downloaded pycryptodomex
#24 1.280  Downloaded twisted
#24 1.385  Downloaded cryptography
#24 1.397  Downloaded jedi
#24 1.430  Downloaded psycopg-binary
#24 1.539  Downloaded django
#24 1.636       Built archivebox @ file:///app
#24 1.947       Built atomicwrites==1.4.1
#24 2.092  Downloaded uv
#24 2.093 Prepared 103 packages in 1.95s
#24 2.289 Installed 103 packages in 190ms
#24 2.289  + abx-dl==1.13.14
#24 2.289  + abx-plugins==1.13.18
#24 2.289  + abxbus==2.5.57
#24 2.289  + abxpkg==1.13.1
#24 2.289  + annotated-types==0.7.0
#24 2.289  + anyio==4.14.2
#24 2.289  + archivebox==0.9.37rc1 (from file:///app)
#24 2.289  + asgiref==3.12.1
#24 2.289  + asttokens==3.0.2
#24 2.289  + atomicwrites==1.4.1
#24 2.289  + attrs==26.1.0
#24 2.289  + autobahn==26.7.1
#24 2.289  + automat==25.4.16
#24 2.289  + base32-crockford==0.3.0
#24 2.289  + bleach==6.4.0
#24 2.289  + browser-cookie3==0.20.1
#24 2.289  + cbor2==6.1.3
#24 2.289  + certifi==2026.6.17
#24 2.289  + cffi==2.1.0
#24 2.289  + charset-normalizer==3.4.9
#24 2.289  + click==8.4.2
#24 2.289  + constantly==23.10.4
#24 2.289  + croniter==6.2.4
#24 2.289  + cryptography==49.0.0
#24 2.289  + daphne==4.2.2
#24 2.289  + dateparser==1.4.1
#24 2.289  + decorator==5.3.1
#24 2.289  + django==6.1
#24 2.289  + django-admin-data-views==0.4.3
#24 2.289  + django-extensions==4.1
#24 2.289  + django-ninja==1.6.3
#24 2.289  + django-object-actions==5.1.2
#24 2.289  + django-settings-holder==0.3.0
#24 2.289  + django-signal-webhooks==0.3.1
#24 2.289  + django-stubs==6.0.7
#24 2.289  + django-stubs-ext==6.0.7
#24 2.289  + executing==2.2.1
#24 2.289  + h11==0.16.0
#24 2.289  + httpcore==1.0.9
#24 2.289  + httpx==0.28.1
#24 2.289  + hyperlink==21.0.0
#24 2.289  + idna==3.18
#24 2.289  + imagesize==2.0.0
#24 2.289  + incremental==24.11.0
#24 2.289  + ipython==9.15.0
#24 2.289  + ipython-pygments-lexers==1.1.1
#24 2.289  + jedi==0.20.0
#24 2.289  + jeepney==0.9.0
#24 2.289  + lz4==4.4.5
#24 2.289  + markdown-it-py==4.2.0
#24 2.289  + matplotlib-inline==0.2.2
#24 2.289  + mdurl==0.1.2
#24 2.289  + msgpack==1.2.1
#24 2.289  + packaging==26.2
#24 2.289  + parso==0.8.7
#24 2.289  + pexpect==4.9.0
#24 2.289  + platformdirs==4.10.0
#24 2.289  + prompt-toolkit==3.0.52
#24 2.289  + psutil==7.2.2
#24 2.289  + psycopg==3.3.4
#24 2.289  + psycopg-binary==3.3.4
#24 2.289  + ptyprocess==0.7.0
#24 2.289  + pure-eval==0.2.3
#24 2.289  + py-machineid==1.0.0
#24 2.289  + pycparser==3.0
#24 2.289  + pycryptodomex==3.23.0
#24 2.289  + pydantic==2.13.4
#24 2.289  + pydantic-core==2.46.4
#24 2.289  + pydantic-settings==2.14.2
#24 2.289  + pygments==2.20.0
#24 2.289  + pyopenssl==26.3.0
#24 2.289  + python-dateutil==2.9.0.post0
#24 2.289  + python-dotenv==1.2.2
#24 2.289  + pytz==2026.2
#24 2.289  + regex==2026.7.10
#24 2.289  + requests==2.34.2
#24 2.289  + rich==15.0.0
#24 2.289  + rich-click==1.9.8
#24 2.289  + service-identity==26.1.0
#24 2.289  + setuptools==83.0.0
#24 2.289  + six==1.17.0
#24 2.289  + sonic-client==1.0.0
#24 2.289  + sqlparse==0.5.5
#24 2.289  + stack-data==0.6.3
#24 2.289  + supervisor==4.3.0
#24 2.289  + toml==0.10.2
#24 2.289  + traitlets==5.15.1
#24 2.289  + twisted==26.4.0
#24 2.289  + txaio==26.6.1
#24 2.289  + types-pyyaml==6.0.12.20260518
#24 2.289  + typing-extensions==4.16.0
#24 2.289  + typing-inspection==0.4.2
#24 2.289  + tzdata==2026.3
#24 2.289  + tzlocal==5.4.4
#24 2.289  + ujson==5.13.0
#24 2.289  + urllib3==2.7.0
#24 2.289  + uuid7==0.1.0
#24 2.289  + uv==0.11.29
#24 2.289  + w3lib==2.4.1
#24 2.289  + wcwidth==0.8.2
#24 2.289  + webencodings==0.5.1
#24 2.289  + websockets==17.1
#24 2.289  + zope-interface==8.5
#24 DONE 2.8s

#25 [archivebox stage-0 7/8] RUN useradd -m -u 911 archivebox && mkdir -p /data && chown archivebox /data && chmod -R a+rX /app
#25 0.387 useradd warning: archivebox's uid 911 outside of the UID_MIN 1000 and UID_MAX 60000 range.
#25 DONE 6.5s

#26 [archivebox stage-0 8/8] WORKDIR /data
#26 DONE 0.2s

#27 [archivebox] exporting to image
#27 exporting layers
#27 exporting layers 10.0s done
#27 exporting manifest sha256:40357e3394dab4f58963802fb2823b9457d6167126a288d8909004db9b7e86a0 done
#27 exporting config sha256:55557da0c3b684cf633c481cea1d58ee3d56a5254b0a240ef544869b1cb00e2f 0.0s done
#27 exporting attestation manifest sha256:71708850ac415030c74881b975f072543ff2d3de278ab9bb1e06ee7bdd271366 done
#27 exporting manifest list sha256:aa9b6d0c4d5659b42b4d1ea747f9a8f14107b4dc1280a80d21d7b315d7709833 done
#27 naming to docker.io/library/atta-002archivebox-archivebox:latest done
#27 unpacking to docker.io/library/atta-002archivebox-archivebox:latest
#27 unpacking to docker.io/library/atta-002archivebox-archivebox:latest 5.9s done
#27 DONE 16.0s

#28 [archivebox] resolving provenance for metadata file
#28 DONE 0.0s
 Image atta-002archivebox-proxy Building 
 Image atta-002archivebox-archivebox Building 
 Image atta-002archivebox-archivebox Built 
 Image atta-002archivebox-proxy Built 
 Network atta-002archivebox_default Creating 
 Network atta-002archivebox_default Created 
 Volume atta-002archivebox_archivebox-data Creating 
 Volume atta-002archivebox_archivebox-data Created 
 Container atta-002archivebox-archivebox-1 Creating 
 Container atta-002archivebox-archivebox-1 Created 
 Container atta-002archivebox-proxy-1 Creating 
 Container atta-002archivebox-proxy-1 Created 
 Container atta-002archivebox-archivebox-1 Starting 
 Container atta-002archivebox-archivebox-1 Started 
 Container atta-002archivebox-proxy-1 Starting 
 Container atta-002archivebox-proxy-1 Started 
