
$ docker compose up -d --build
#1 [internal] load local bake definitions
#1 reading from stdin 1.90kB done
#1 DONE 0.0s

#2 [sendportal internal] load build definition from Dockerfile.verify
#2 transferring dockerfile: 2.46kB done
#2 DONE 0.0s

#3 [proxy internal] load build definition from Dockerfile.verify
#3 transferring dockerfile: 1.26kB done
#3 DONE 0.0s

#4 [sendportal context sandboxca] load .dockerignore
#4 transferring sandboxca: 2B done
#4 DONE 0.0s

#5 [proxy internal] load metadata for docker.io/library/node:22-alpine
#5 DONE 0.0s

#6 [sendportal internal] load metadata for docker.io/library/php:8.4-apache
#6 DONE 0.0s

#7 [proxy internal] load .dockerignore
#7 transferring context: 2B done
#7 DONE 0.0s

#8 [proxy context sandboxca] load from client
#8 DONE 0.0s

#9 [proxy internal] load build context
#9 transferring context: 61.04kB done
#9 DONE 0.0s

#10 [proxy stage-0 1/6] FROM docker.io/library/node:22-alpine@sha256:b6f26b36c8ff49624cfdac716b8ea1138d606df02586a77d364bb5536a634f85
#10 resolve docker.io/library/node:22-alpine@sha256:b6f26b36c8ff49624cfdac716b8ea1138d606df02586a77d364bb5536a634f85 0.0s done
#10 DONE 0.0s

#8 [proxy context sandboxca] load from client
#8 transferring sandboxca: 36B done
#8 DONE 0.0s

#11 [proxy stage-0 2/6] COPY --from=sandboxca ca-bundle.crt /etc/ssl/certs/ca-certificates.crt
#11 CACHED

#12 [proxy stage-0 3/6] RUN for f in /etc/apt/sources.list /etc/apt/sources.list.d/*.sources /etc/apk/repositories; do [ -f "$f" ] && sed -i 's#http://#https://#g' "$f"; done; true
#12 CACHED

#13 [proxy stage-0 4/6] WORKDIR /cp
#13 CACHED

#14 [proxy stage-0 5/6] COPY --chown=node:node ui-bridge ./ui-bridge
#14 DONE 0.0s

#15 [proxy stage-0 6/6] COPY --chown=node:node capability-port ./capability-port
#15 DONE 0.0s

#16 [proxy] exporting to image
#16 exporting layers 0.0s done
#16 exporting manifest sha256:732767d05f35d8085fa8b73e2b5ffc9d06429ba0ab4cc45c5f75154c16d0bc25 done
#16 exporting config sha256:e3d6bd5f8336f3cfd0834072eb59c90565e67b90675f3b4f8f6db48c406b70e3 done
#16 exporting attestation manifest sha256:f59a2354326aac4a03d2661ce16623d8d95f3162f52c49807bc906ea658da32e done
#16 exporting manifest list sha256:4a3b86302cb3cbafff7271013f1f0c9dacc48ef9b817ff6032036dea789b225f done
#16 naming to docker.io/library/atta-008sendportalmaster3-proxy:latest done
#16 unpacking to docker.io/library/atta-008sendportalmaster3-proxy:latest 0.0s done
#16 DONE 0.1s

#17 [proxy] resolving provenance for metadata file
#17 DONE 0.0s

#18 [sendportal internal] load metadata for docker.io/library/composer:2
#18 DONE 0.5s

#19 [sendportal internal] load .dockerignore
#19 transferring context: 2B done
#19 DONE 0.0s

#20 [sendportal stage-1  1/10] FROM docker.io/library/php:8.4-apache@sha256:d54a6bdfaaa4b516264617b2ac6a3692f23f29510278e02494154f8e260e9ce3
#20 resolve docker.io/library/php:8.4-apache@sha256:d54a6bdfaaa4b516264617b2ac6a3692f23f29510278e02494154f8e260e9ce3 0.0s done
#20 DONE 0.0s

#8 [sendportal context sandboxca] load from client
#8 CACHED

#21 [sendportal stage-1  2/10] COPY --from=sandboxca ca-bundle.crt /etc/ssl/certs/ca-certificates.crt
#21 CACHED

#22 [sendportal stage-1  3/10] RUN for f in /etc/apt/sources.list /etc/apt/sources.list.d/*.sources /etc/apk/repositories; do [ -f "$f" ] && sed -i 's#http://#https://#g' "$f"; done; true
#22 CACHED

#23 [sendportal vendor 1/6] FROM docker.io/library/composer:2@sha256:a5f59b9fd2faf31218632be4809dc6491761085e8064c31dc3b84378c48c248b
#23 resolve docker.io/library/composer:2@sha256:a5f59b9fd2faf31218632be4809dc6491761085e8064c31dc3b84378c48c248b 0.0s done
#23 ...

#24 [sendportal internal] load build context
#24 transferring context: 280.23kB 0.0s done
#24 DONE 0.1s

#23 [sendportal vendor 1/6] FROM docker.io/library/composer:2@sha256:a5f59b9fd2faf31218632be4809dc6491761085e8064c31dc3b84378c48c248b
#23 sha256:47b315bc998d95306667eadaa05df9971c697eb770b6470ee9fbff58ed5d2808 13.63MB / 22.83MB 0.2s
#23 sha256:0c5da73b54f94ec217546882f182f9bef195e691ac8e27ac32ddeef8d6669e5a 8.39MB / 14.48MB 0.2s
#23 sha256:6273de5464fa78b05aac16b835da86450421ff1b6a97373881e6bf6831540f3b 0B / 215B 0.2s
#23 sha256:47b315bc998d95306667eadaa05df9971c697eb770b6470ee9fbff58ed5d2808 22.83MB / 22.83MB 0.7s done
#23 sha256:6273de5464fa78b05aac16b835da86450421ff1b6a97373881e6bf6831540f3b 215B / 215B 0.6s done
#23 extracting sha256:6273de5464fa78b05aac16b835da86450421ff1b6a97373881e6bf6831540f3b 0.0s done
#23 DONE 1.1s

#25 [sendportal vendor 2/6] COPY --from=sandboxca ca-bundle.crt /etc/ssl/certs/ca-certificates.crt
#25 ERROR: failed to copy: failed to send write: write /var/lib/docker/containerd/daemon/io.containerd.content.v1.content/ingest/9c7e4c3a38ee22ce301e34494a00654679b76824de84840a55d6951f123b75b8/data: no space left on device

#26 [sendportal stage-1  4/10] RUN apt-get update && apt-get install -y --no-install-recommends libzip-dev libicu-dev libpq-dev unzip  && docker-php-ext-install pdo_pgsql pdo_mysql bcmath intl zip pcntl  && a2enmod rewrite && rm -rf /var/lib/apt/lists/*
#26 0.511 Hit:1 https://deb.debian.org/debian trixie InRelease
#26 0.559 Get:2 https://deb.debian.org/debian trixie-updates InRelease [47.3 kB]
#26 0.616 Get:3 https://deb.debian.org/debian-security trixie-security InRelease [43.4 kB]
#26 0.675 Get:4 https://deb.debian.org/debian trixie/main amd64 Packages [9678 kB]
#26 0.849 Ign:4 https://deb.debian.org/debian trixie/main amd64 Packages
#26 CANCELED
------
 > [sendportal vendor 2/6] COPY --from=sandboxca ca-bundle.crt /etc/ssl/certs/ca-certificates.crt:
------
 Image atta-008sendportalmaster3-proxy Building 
 Image atta-008sendportalmaster3-sendportal Building 
Dockerfile.verify:4

--------------------

   2 |     # roave/security-advisories (it blocks every Laravel 11 release), install --no-dev, publish core assets.

   3 |     FROM composer:2 AS vendor

   4 | >>> COPY --from=sandboxca ca-bundle.crt /etc/ssl/certs/ca-certificates.crt

   5 |     RUN for f in /etc/apt/sources.list /etc/apt/sources.list.d/*.sources /etc/apk/repositories; do [ -f "$f" ] && sed -i 's#http://#https://#g' "$f"; done; true

   6 |     ENV SSL_CERT_FILE=/etc/ssl/certs/ca-certificates.crt NODE_EXTRA_CA_CERTS=/etc/ssl/certs/ca-certificates.crt REQUESTS_CA_BUNDLE=/etc/ssl/certs/ca-certificates.crt PIP_CERT=/etc/ssl/certs/ca-certificates.crt UV_NATIVE_TLS=1 CURL_CA_BUNDLE=/etc/ssl/certs/ca-certificates.crt GIT_SSL_CAINFO=/etc/ssl/certs/ca-certificates.crt

--------------------

target sendportal: failed to solve: failed to compute cache key: failed to copy: failed to send write: write /var/lib/docker/containerd/daemon/io.containerd.content.v1.content/ingest/9c7e4c3a38ee22ce301e34494a00654679b76824de84840a55d6951f123b75b8/data: no space left on device


$ docker compose down -v --remove-orphans
